ofr@hki:~$ sudo docker container list --all
CONTAINER ID   IMAGE     COMMAND   CREATED   STATUS    PORTS     NAMES
ofr@hki:~$ sudo docker container run -d -it ubuntu
Unable to find image 'ubuntu:latest' locally
latest: Pulling from library/ubuntu
345e3491a907: Pull complete
57671312ef6f: Pull complete
5e9250ddb7d0: Pull complete
Digest: sha256:cf31af331f38d1d7158470e095b132acd126a7180a54f263d386da88eb681d93
Status: Downloaded newer image for ubuntu:latest
b74bb62e27f275fbec1c0e037b84a90661d97246471fbf3d82eab4331002cbc8
ofr@hki:~$ sudo docker attach b74bb
root@b74bb62e27f2:/# apt install curl
Reading package lists... Done
Building dependency tree
Reading state information... Done
E: Unable to locate package curl
root@b74bb62e27f2:/# apt search -n curl
Sorting... Done
Full Text Search... Done
root@b74bb62e27f2:/# curl --version
bash: curl: command not found
root@b74bb62e27f2:/# apt update
Get:1 http://archive.ubuntu.com/ubuntu focal InRelease [265 kB]
Get:2 http://security.ubuntu.com/ubuntu focal-security InRelease [109 kB]
Get:3 http://archive.ubuntu.com/ubuntu focal-updates InRelease [114 kB]
Get:4 http://archive.ubuntu.com/ubuntu focal-backports InRelease [101 kB]
Get:5 http://archive.ubuntu.com/ubuntu focal/universe amd64 Packages [11.3 MB]
Get:6 http://security.ubuntu.com/ubuntu focal-security/universe amd64 Packages [687 kB]
Get:7 http://security.ubuntu.com/ubuntu focal-security/restricted amd64 Packages [243 kB]
Get:8 http://security.ubuntu.com/ubuntu focal-security/main amd64 Packages [778 kB]
Get:9 http://security.ubuntu.com/ubuntu focal-security/multiverse amd64 Packages [21.7 kB]
Get:10 http://archive.ubuntu.com/ubuntu focal/main amd64 Packages [1275 kB]
Get:11 http://archive.ubuntu.com/ubuntu focal/multiverse amd64 Packages [177 kB]
Get:12 http://archive.ubuntu.com/ubuntu focal/restricted amd64 Packages [33.4 kB]
Get:13 http://archive.ubuntu.com/ubuntu focal-updates/main amd64 Packages [1194 kB]
Get:14 http://archive.ubuntu.com/ubuntu focal-updates/universe amd64 Packages [956 kB]
Get:15 http://archive.ubuntu.com/ubuntu focal-updates/multiverse amd64 Packages [29.7 kB]
Get:16 http://archive.ubuntu.com/ubuntu focal-updates/restricted amd64 Packages [274 kB]
Get:17 http://archive.ubuntu.com/ubuntu focal-backports/universe amd64 Packages [4305 B]
Fetched 17.6 MB in 2s (11.3 MB/s)
Reading package lists... Done
Building dependency tree
Reading state information... Done
tEnd/Dialog.pm line 76.)
debconf: falling back to frontend: Readline
debconf: unable to initialize frontend: Readline
debconf: (Can't locate Term/ReadLine.pm in @INC (you may need to install the Term::ReadLine module) (@INC contains: /etc/perl /usr/local/lib/x86_64-linux-gnu/perl/5.30.0 /usr/local/share/perl/5.30.0 /usr/lib/x86_64-linux-gnu/perl5/5.30 /usr/share/perl5 /usr/lib/x86_64-linux-gnu/perl/5.30 /usr/share/perl/5.30 /usr/local/lib/site_perl /usr/lib/x86_64-linux-gnu/perl-base) at /usr/share/perl5/Debconf/FrontEnd/Readline.pm line 7.)
debconf: falling back to frontend: Teletype
Setting up libbrotli1:amd64 (1.0.7-6ubuntu0.1) ...
Setting up libsqlite3-0:amd64 (3.31.1-4ubuntu0.2) ...
Setting up libsasl2-modules:amd64 (2.1.27+dfsg-2) ...
Setting up libnghttp2-14:amd64 (1.40.0-1build1) ...
Setting up krb5-locales (1.17-6ubuntu4.1) ...
Setting up libldap-common (2.4.49+dfsg-2ubuntu1.8) ...
Setting up libkrb5support0:amd64 (1.17-6ubuntu4.1) ...
Setting up libsasl2-modules-db:amd64 (2.1.27+dfsg-2) ...
Setting up librtmp1:amd64 (2.4+20151223.gitfa8646d.1-2build1) ...
Setting up libk5crypto3:amd64 (1.17-6ubuntu4.1) ...
Setting up libsasl2-2:amd64 (2.1.27+dfsg-2) ...
Setting up libroken18-heimdal:amd64 (7.7.0+dfsg-1ubuntu1) ...
Setting up libkrb5-3:amd64 (1.17-6ubuntu4.1) ...
Setting up openssl (1.1.1f-1ubuntu2.3) ...
Setting up publicsuffix (20200303.0012-1) ...
Setting up libheimbase1-heimdal:amd64 (7.7.0+dfsg-1ubuntu1) ...
Setting up libasn1-8-heimdal:amd64 (7.7.0+dfsg-1ubuntu1) ...
Setting up libhcrypto4-heimdal:amd64 (7.7.0+dfsg-1ubuntu1) ...
Setting up ca-certificates (20210119~20.04.1) ...
debconf: unable to initialize frontend: Dialog
debconf: (No usable dialog-like program is installed, so the dialog based frontend cannot be used. at /usr/share/perl5/Debconf/FrontEnd/Dialog.pm line 76.)
debconf: falling back to frontend: Readline
debconf: unable to initialize frontend: Readline
debconf: (Can't locate Term/ReadLine.pm in @INC (you may need to install the Term::ReadLine module) (@INC contains: /etc/perl /usr/local/lib/x86_64-linux-gnu/perl/5.30.0 /usr/local/share/perl/5.30.0 /usr/lib/x86_64-linux-gnu/perl5/5.30 /usr/share/perl5 /usr/lib/x86_64-linux-gnu/perl/5.30 /usr/share/perl/5.30 /usr/local/lib/site_perl /usr/lib/x86_64-linux-gnu/perl-base) at /usr/share/perl5/Debconf/FrontEnd/Readline.pm line 7.)
debconf: falling back to frontend: Teletype
Updating certificates in /etc/ssl/certs...
129 added, 0 removed; done.
Setting up libwind0-heimdal:amd64 (7.7.0+dfsg-1ubuntu1) ...
Setting up libgssapi-krb5-2:amd64 (1.17-6ubuntu4.1) ...
Setting up libssh-4:amd64 (0.9.3-2ubuntu2.1) ...
Setting up libhx509-5-heimdal:amd64 (7.7.0+dfsg-1ubuntu1) ...
Setting up libkrb5-26-heimdal:amd64 (7.7.0+dfsg-1ubuntu1) ...
Setting up libheimntlm0-heimdal:amd64 (7.7.0+dfsg-1ubuntu1) ...
Setting up libgssapi3-heimdal:amd64 (7.7.0+dfsg-1ubuntu1) ...
Setting up libldap-2.4-2:amd64 (2.4.49+dfsg-2ubuntu1.8) ...
Setting up libcurl4:amd64 (7.68.0-1ubuntu2.5) ...
Setting up curl (7.68.0-1ubuntu2.5) ...
Processing triggers for libc-bin (2.31-0ubuntu9.2) ...
Processing triggers for ca-certificates (20210119~20.04.1) ...
Updating certificates in /etc/ssl/certs...
0 added, 0 removed; done.
Running hooks in /etc/ca-certificates/update.d...
done.
root@b74bb62e27f2:/# read escape sequence
ofr@hki:~$ sudo docker container list --all
CONTAINER ID   IMAGE     COMMAND       CREATED         STATUS         PORTS     NAMES
b74bb62e27f2   ubuntu    "/bin/bash"   2 minutes ago   Up 2 minutes             tender_jackson
ofr@hki:~$ sudo docker container rm --force b74
b74
ofr@hki:~$
ofr@hki:~$ sudo docker container list --all
CONTAINER ID   IMAGE     COMMAND   CREATED   STATUS    PORTS     NAMES
ofr@hki:~$ sudo docker container run -d -it ubuntu sh -c 'echo "Input website:"; read website; echo "Searching.."; sleep 1; curl http://$website;'
fa51b168f3f328e5e46f9b1a047e399a77348b51f61db77e31a82c3849003dfb
ofr@hki:~$ sudo docker attach fa51
read escape sequence
ofr@hki:~$ sudo docker exec fa51 bash
ofr@hki:~$ sudo docker exec fa51 bash -i
bash: cannot set terminal process group (-1): Inappropriate ioctl for device
bash: no job control in this shell
root@fa51b168f3f3:/# exit
ofr@hki:~$ sudo docker exec fa51 apt update

WARNING: apt does not have a stable CLI interface. Use with caution in scripts.

Get:1 http://archive.ubuntu.com/ubuntu focal InRelease [265 kB]
Get:2 http://security.ubuntu.com/ubuntu focal-security InRelease [109 kB]
Get:3 http://archive.ubuntu.com/ubuntu focal-updates InRelease [114 kB]
Get:4 http://archive.ubuntu.com/ubuntu focal-backports InRelease [101 kB]
Get:5 http://archive.ubuntu.com/ubuntu focal/restricted amd64 Packages [33.4 kB]
Get:6 http://archive.ubuntu.com/ubuntu focal/universe amd64 Packages [11.3 MB]
Get:7 http://archive.ubuntu.com/ubuntu focal/main amd64 Packages [1275 kB]
Get:8 http://archive.ubuntu.com/ubuntu focal/multiverse amd64 Packages [177 kB]
Get:9 http://archive.ubuntu.com/ubuntu focal-updates/restricted amd64 Packages [274 kB]
Get:10 http://archive.ubuntu.com/ubuntu focal-updates/universe amd64 Packages [956 kB]
Get:11 http://archive.ubuntu.com/ubuntu focal-updates/main amd64 Packages [1194 kB]
Get:12 http://archive.ubuntu.com/ubuntu focal-updates/multiverse amd64 Packages [29.7 kB]
Get:13 http://archive.ubuntu.com/ubuntu focal-backports/universe amd64 Packages [4305 B]
Get:14 http://security.ubuntu.com/ubuntu focal-security/multiverse amd64 Packages [21.7 kB]
Get:15 http://security.ubuntu.com/ubuntu focal-security/restricted amd64 Packages [243 kB]
Get:16 http://security.ubuntu.com/ubuntu focal-security/universe amd64 Packages [687 kB]
Get:17 http://security.ubuntu.com/ubuntu focal-security/main amd64 Packages [778 kB]
Fetched 17.6 MB in 2s (10.7 MB/s)
Reading package lists...
Building dependency tree...
Reading state information...
2 packages can be upgraded. Run 'apt list --upgradable' to see them.
ofr@hki:~$ sudo docker exec fa51 apt install curl

WARNING: apt does not have a stable CLI interface. Use with caution in scripts.

Reading package lists...
Building dependency tree...
Reading state information...
The following additional packages will be installed:
  ca-certificates krb5-locales libasn1-8-heimdal libbrotli1 libcurl4
  libgssapi-krb5-2 libgssapi3-heimdal libhcrypto4-heimdal libheimbase1-heimdal
  libheimntlm0-heimdal libhx509-5-heimdal libk5crypto3 libkeyutils1
  libkrb5-26-heimdal libkrb5-3 libkrb5support0 libldap-2.4-2 libldap-common
  libnghttp2-14 libpsl5 libroken18-heimdal librtmp1 libsasl2-2
  libsasl2-modules libsasl2-modules-db libsqlite3-0 libssh-4 libssl1.1
  libwind0-heimdal openssl publicsuffix
Suggested packages:
  krb5-doc krb5-user libsasl2-modules-gssapi-mit
  | libsasl2-modules-gssapi-heimdal libsasl2-modules-ldap libsasl2-modules-otp
  libsasl2-modules-sql
The following NEW packages will be installed:
  ca-certificates curl krb5-locales libasn1-8-heimdal libbrotli1 libcurl4
  libgssapi-krb5-2 libgssapi3-heimdal libhcrypto4-heimdal libheimbase1-heimdal
  libheimntlm0-heimdal libhx509-5-heimdal libk5crypto3 libkeyutils1
  libkrb5-26-heimdal libkrb5-3 libkrb5support0 libldap-2.4-2 libldap-common
  libnghttp2-14 libpsl5 libroken18-heimdal librtmp1 libsasl2-2
  libsasl2-modules libsasl2-modules-db libsqlite3-0 libssh-4 libssl1.1
  libwind0-heimdal openssl publicsuffix
0 upgraded, 32 newly installed, 0 to remove and 2 not upgraded.
Need to get 5445 kB of archives.
After this operation, 16.7 MB of additional disk space will be used.
Do you want to continue? [Y/n] Abort.
ofr@hki:~$ sudo docker exec fa51 apt install -y curl

WARNING: apt does not have a stable CLI interface. Use with caution in scripts.

Reading package lists...
Building dependency tree...
Reading state information...
The following additional packages will be installed:
  ca-certificates krb5-locales libasn1-8-heimdal libbrotli1 libcurl4
  libgssapi-krb5-2 libgssapi3-heimdal libhcrypto4-heimdal libheimbase1-heimdal
  libheimntlm0-heimdal libhx509-5-heimdal libk5crypto3 libkeyutils1
  libkrb5-26-heimdal libkrb5-3 libkrb5support0 libldap-2.4-2 libldap-common
  libnghttp2-14 libpsl5 libroken18-heimdal librtmp1 libsasl2-2
  libsasl2-modules libsasl2-modules-db libsqlite3-0 libssh-4 libssl1.1
  libwind0-heimdal openssl publicsuffix
Suggested packages:
  krb5-doc krb5-user libsasl2-modules-gssapi-mit
  | libsasl2-modules-gssapi-heimdal libsasl2-modules-ldap libsasl2-modules-otp
  libsasl2-modules-sql
The following NEW packages will be installed:
  ca-certificates curl krb5-locales libasn1-8-heimdal libbrotli1 libcurl4
  libgssapi-krb5-2 libgssapi3-heimdal libhcrypto4-heimdal libheimbase1-heimdal
  libheimntlm0-heimdal libhx509-5-heimdal libk5crypto3 libkeyutils1
  libkrb5-26-heimdal libkrb5-3 libkrb5support0 libldap-2.4-2 libldap-common
  libnghttp2-14 libpsl5 libroken18-heimdal librtmp1 libsasl2-2
  libsasl2-modules libsasl2-modules-db libsqlite3-0 libssh-4 libssl1.1
  libwind0-heimdal openssl publicsuffix
0 upgraded, 32 newly installed, 0 to remove and 2 not upgraded.
Need to get 5445 kB of archives.
After this operation, 16.7 MB of additional disk space will be used.
Get:1 http://archive.ubuntu.com/ubuntu focal-updates/main amd64 libssl1.1 amd64 1.1.1f-1ubuntu2.3 [1320 kB]
Get:2 http://archive.ubuntu.com/ubuntu focal-updates/main amd64 openssl amd64 1.1.1f-1ubuntu2.3 [620 kB]
Get:3 http://archive.ubuntu.com/ubuntu focal-updates/main amd64 ca-certificates all 20210119~20.04.1 [146 kB]
Get:4 http://archive.ubuntu.com/ubuntu focal-updates/main amd64 libsqlite3-0 amd64 3.31.1-4ubuntu0.2 [549 kB]
Get:5 http://archive.ubuntu.com/ubuntu focal-updates/main amd64 krb5-locales all 1.17-6ubuntu4.1 [11.4 kB]
Get:6 http://archive.ubuntu.com/ubuntu focal-updates/main amd64 libkrb5support0 amd64 1.17-6ubuntu4.1 [30.9 kB]
Get:7 http://archive.ubuntu.com/ubuntu focal-updates/main amd64 libk5crypto3 amd64 1.17-6ubuntu4.1 [79.9 kB]
Get:8 http://archive.ubuntu.com/ubuntu focal/main amd64 libkeyutils1 amd64 1.6-6ubuntu1 [10.2 kB]
Get:9 http://archive.ubuntu.com/ubuntu focal-updates/main amd64 libkrb5-3 amd64 1.17-6ubuntu4.1 [330 kB]
Get:10 http://archive.ubuntu.com/ubuntu focal-updates/main amd64 libgssapi-krb5-2 amd64 1.17-6ubuntu4.1 [121 kB]
Get:11 http://archive.ubuntu.com/ubuntu focal/main amd64 libpsl5 amd64 0.21.0-1ubuntu1 [51.5 kB]
Get:12 http://archive.ubuntu.com/ubuntu focal/main amd64 publicsuffix all 20200303.0012-1 [111 kB]
Get:13 http://archive.ubuntu.com/ubuntu focal-updates/main amd64 libbrotli1 amd64 1.0.7-6ubuntu0.1 [267 kB]
Get:14 http://archive.ubuntu.com/ubuntu focal/main amd64 libroken18-heimdal amd64 7.7.0+dfsg-1ubuntu1 [41.8 kB]
Get:15 http://archive.ubuntu.com/ubuntu focal/main amd64 libasn1-8-heimdal amd64 7.7.0+dfsg-1ubuntu1 [181 kB]
Get:16 http://archive.ubuntu.com/ubuntu focal/main amd64 libheimbase1-heimdal amd64 7.7.0+dfsg-1ubuntu1 [29.7 kB]
Get:17 http://archive.ubuntu.com/ubuntu focal/main amd64 libhcrypto4-heimdal amd64 7.7.0+dfsg-1ubuntu1 [87.9 kB]
Get:18 http://archive.ubuntu.com/ubuntu focal/main amd64 libwind0-heimdal amd64 7.7.0+dfsg-1ubuntu1 [48.0 kB]
Get:19 http://archive.ubuntu.com/ubuntu focal/main amd64 libhx509-5-heimdal amd64 7.7.0+dfsg-1ubuntu1 [107 kB]
Get:20 http://archive.ubuntu.com/ubuntu focal/main amd64 libkrb5-26-heimdal amd64 7.7.0+dfsg-1ubuntu1 [208 kB]
Get:21 http://archive.ubuntu.com/ubuntu focal/main amd64 libheimntlm0-heimdal amd64 7.7.0+dfsg-1ubuntu1 [15.1 kB]
Get:22 http://archive.ubuntu.com/ubuntu focal/main amd64 libgssapi3-heimdal amd64 7.7.0+dfsg-1ubuntu1 [96.1 kB]
Get:23 http://archive.ubuntu.com/ubuntu focal/main amd64 libsasl2-modules-db amd64 2.1.27+dfsg-2 [14.9 kB]
Get:24 http://archive.ubuntu.com/ubuntu focal/main amd64 libsasl2-2 amd64 2.1.27+dfsg-2 [49.3 kB]
Get:25 http://archive.ubuntu.com/ubuntu focal-updates/main amd64 libldap-common all 2.4.49+dfsg-2ubuntu1.8 [16.6 kB]
Get:26 http://archive.ubuntu.com/ubuntu focal-updates/main amd64 libldap-2.4-2 amd64 2.4.49+dfsg-2ubuntu1.8 [155 kB]
Get:27 http://archive.ubuntu.com/ubuntu focal/main amd64 libnghttp2-14 amd64 1.40.0-1build1 [78.7 kB]
Get:28 http://archive.ubuntu.com/ubuntu focal/main amd64 librtmp1 amd64 2.4+20151223.gitfa8646d.1-2build1 [54.9 kB]
Get:29 http://archive.ubuntu.com/ubuntu focal-updates/main amd64 libssh-4 amd64 0.9.3-2ubuntu2.1 [170 kB]
Get:30 http://archive.ubuntu.com/ubuntu focal-updates/main amd64 libcurl4 amd64 7.68.0-1ubuntu2.5 [234 kB]
Get:31 http://archive.ubuntu.com/ubuntu focal-updates/main amd64 curl amd64 7.68.0-1ubuntu2.5 [161 kB]
Get:32 http://archive.ubuntu.com/ubuntu focal/main amd64 libsasl2-modules amd64 2.1.27+dfsg-2 [49.1 kB]
debconf: delaying package configuration, since apt-utils is not installed
Fetched 5445 kB in 1s (7887 kB/s)
Selecting previously unselected package libssl1.1:amd64.
(Reading database ... 4121 files and directories currently installed.)
Preparing to unpack .../00-libssl1.1_1.1.1f-1ubuntu2.3_amd64.deb ...
Unpacking libssl1.1:amd64 (1.1.1f-1ubuntu2.3) ...
Selecting previously unselected package openssl.
Preparing to unpack .../01-openssl_1.1.1f-1ubuntu2.3_amd64.deb ...
Unpacking openssl (1.1.1f-1ubuntu2.3) ...
Selecting previously unselected package ca-certificates.
Preparing to unpack .../02-ca-certificates_20210119~20.04.1_all.deb ...
Unpacking ca-certificates (20210119~20.04.1) ...
Selecting previously unselected package libsqlite3-0:amd64.
Preparing to unpack .../03-libsqlite3-0_3.31.1-4ubuntu0.2_amd64.deb ...
Unpacking libsqlite3-0:amd64 (3.31.1-4ubuntu0.2) ...
Selecting previously unselected package krb5-locales.
Preparing to unpack .../04-krb5-locales_1.17-6ubuntu4.1_all.deb ...
Unpacking krb5-locales (1.17-6ubuntu4.1) ...
Selecting previously unselected package libkrb5support0:amd64.
Preparing to unpack .../05-libkrb5support0_1.17-6ubuntu4.1_amd64.deb ...
Unpacking libkrb5support0:amd64 (1.17-6ubuntu4.1) ...
Selecting previously unselected package libk5crypto3:amd64.
Preparing to unpack .../06-libk5crypto3_1.17-6ubuntu4.1_amd64.deb ...
Unpacking libk5crypto3:amd64 (1.17-6ubuntu4.1) ...
Selecting previously unselected package libkeyutils1:amd64.
Preparing to unpack .../07-libkeyutils1_1.6-6ubuntu1_amd64.deb ...
Unpacking libkeyutils1:amd64 (1.6-6ubuntu1) ...
Selecting previously unselected package libkrb5-3:amd64.
Preparing to unpack .../08-libkrb5-3_1.17-6ubuntu4.1_amd64.deb ...
Unpacking libkrb5-3:amd64 (1.17-6ubuntu4.1) ...
Selecting previously unselected package libgssapi-krb5-2:amd64.
Preparing to unpack .../09-libgssapi-krb5-2_1.17-6ubuntu4.1_amd64.deb ...
Unpacking libgssapi-krb5-2:amd64 (1.17-6ubuntu4.1) ...
Selecting previously unselected package libpsl5:amd64.
Preparing to unpack .../10-libpsl5_0.21.0-1ubuntu1_amd64.deb ...
Unpacking libpsl5:amd64 (0.21.0-1ubuntu1) ...
Selecting previously unselected package publicsuffix.
Preparing to unpack .../11-publicsuffix_20200303.0012-1_all.deb ...
Unpacking publicsuffix (20200303.0012-1) ...
Selecting previously unselected package libbrotli1:amd64.
Preparing to unpack .../12-libbrotli1_1.0.7-6ubuntu0.1_amd64.deb ...
Unpacking libbrotli1:amd64 (1.0.7-6ubuntu0.1) ...
Selecting previously unselected package libroken18-heimdal:amd64.
Preparing to unpack .../13-libroken18-heimdal_7.7.0+dfsg-1ubuntu1_amd64.deb ...
Unpacking libroken18-heimdal:amd64 (7.7.0+dfsg-1ubuntu1) ...
Selecting previously unselected package libasn1-8-heimdal:amd64.
Preparing to unpack .../14-libasn1-8-heimdal_7.7.0+dfsg-1ubuntu1_amd64.deb ...
Unpacking libasn1-8-heimdal:amd64 (7.7.0+dfsg-1ubuntu1) ...
Selecting previously unselected package libheimbase1-heimdal:amd64.
Preparing to unpack .../15-libheimbase1-heimdal_7.7.0+dfsg-1ubuntu1_amd64.deb ...
Unpacking libheimbase1-heimdal:amd64 (7.7.0+dfsg-1ubuntu1) ...
Selecting previously unselected package libhcrypto4-heimdal:amd64.
Preparing to unpack .../16-libhcrypto4-heimdal_7.7.0+dfsg-1ubuntu1_amd64.deb ...
Unpacking libhcrypto4-heimdal:amd64 (7.7.0+dfsg-1ubuntu1) ...
Selecting previously unselected package libwind0-heimdal:amd64.
Preparing to unpack .../17-libwind0-heimdal_7.7.0+dfsg-1ubuntu1_amd64.deb ...
Unpacking libwind0-heimdal:amd64 (7.7.0+dfsg-1ubuntu1) ...
Selecting previously unselected package libhx509-5-heimdal:amd64.
Preparing to unpack .../18-libhx509-5-heimdal_7.7.0+dfsg-1ubuntu1_amd64.deb ...
Unpacking libhx509-5-heimdal:amd64 (7.7.0+dfsg-1ubuntu1) ...
Selecting previously unselected package libkrb5-26-heimdal:amd64.
Preparing to unpack .../19-libkrb5-26-heimdal_7.7.0+dfsg-1ubuntu1_amd64.deb ...
Unpacking libkrb5-26-heimdal:amd64 (7.7.0+dfsg-1ubuntu1) ...
Selecting previously unselected package libheimntlm0-heimdal:amd64.
Preparing to unpack .../20-libheimntlm0-heimdal_7.7.0+dfsg-1ubuntu1_amd64.deb ...
Unpacking libheimntlm0-heimdal:amd64 (7.7.0+dfsg-1ubuntu1) ...
Selecting previously unselected package libgssapi3-heimdal:amd64.
Preparing to unpack .../21-libgssapi3-heimdal_7.7.0+dfsg-1ubuntu1_amd64.deb ...
Unpacking libgssapi3-heimdal:amd64 (7.7.0+dfsg-1ubuntu1) ...
Selecting previously unselected package libsasl2-modules-db:amd64.
Preparing to unpack .../22-libsasl2-modules-db_2.1.27+dfsg-2_amd64.deb ...
Unpacking libsasl2-modules-db:amd64 (2.1.27+dfsg-2) ...
Selecting previously unselected package libsasl2-2:amd64.
Preparing to unpack .../23-libsasl2-2_2.1.27+dfsg-2_amd64.deb ...
Unpacking libsasl2-2:amd64 (2.1.27+dfsg-2) ...
Selecting previously unselected package libldap-common.
Preparing to unpack .../24-libldap-common_2.4.49+dfsg-2ubuntu1.8_all.deb ...
Unpacking libldap-common (2.4.49+dfsg-2ubuntu1.8) ...
Selecting previously unselected package libldap-2.4-2:amd64.
Preparing to unpack .../25-libldap-2.4-2_2.4.49+dfsg-2ubuntu1.8_amd64.deb ...
Unpacking libldap-2.4-2:amd64 (2.4.49+dfsg-2ubuntu1.8) ...
Selecting previously unselected package libnghttp2-14:amd64.
Preparing to unpack .../26-libnghttp2-14_1.40.0-1build1_amd64.deb ...
Unpacking libnghttp2-14:amd64 (1.40.0-1build1) ...
Selecting previously unselected package librtmp1:amd64.
Preparing to unpack .../27-librtmp1_2.4+20151223.gitfa8646d.1-2build1_amd64.deb ...
Unpacking librtmp1:amd64 (2.4+20151223.gitfa8646d.1-2build1) ...
Selecting previously unselected package libssh-4:amd64.
Preparing to unpack .../28-libssh-4_0.9.3-2ubuntu2.1_amd64.deb ...
Unpacking libssh-4:amd64 (0.9.3-2ubuntu2.1) ...
Selecting previously unselected package libcurl4:amd64.
Preparing to unpack .../29-libcurl4_7.68.0-1ubuntu2.5_amd64.deb ...
Unpacking libcurl4:amd64 (7.68.0-1ubuntu2.5) ...
Selecting previously unselected package curl.
Preparing to unpack .../30-curl_7.68.0-1ubuntu2.5_amd64.deb ...
Unpacking curl (7.68.0-1ubuntu2.5) ...
Selecting previously unselected package libsasl2-modules:amd64.
Preparing to unpack .../31-libsasl2-modules_2.1.27+dfsg-2_amd64.deb ...
Unpacking libsasl2-modules:amd64 (2.1.27+dfsg-2) ...
Setting up libkeyutils1:amd64 (1.6-6ubuntu1) ...
Setting up libpsl5:amd64 (0.21.0-1ubuntu1) ...
Setting up libssl1.1:amd64 (1.1.1f-1ubuntu2.3) ...
debconf: unable to initialize frontend: Dialog
debconf: (TERM is not set, so the dialog frontend is not usable.)
debconf: falling back to frontend: Readline
debconf: unable to initialize frontend: Readline
debconf: (Can't locate Term/ReadLine.pm in @INC (you may need to install the Term::ReadLine module) (@INC contains: /etc/perl /usr/local/lib/x86_64-linux-gnu/perl/5.30.0 /usr/local/share/perl/5.30.0 /usr/lib/x86_64-linux-gnu/perl5/5.30 /usr/share/perl5 /usr/lib/x86_64-linux-gnu/perl/5.30 /usr/share/perl/5.30 /usr/local/lib/site_perl /usr/lib/x86_64-linux-gnu/perl-base) at /usr/share/perl5/Debconf/FrontEnd/Readline.pm line 7.)
debconf: falling back to frontend: Teletype
Setting up libbrotli1:amd64 (1.0.7-6ubuntu0.1) ...
Setting up libsqlite3-0:amd64 (3.31.1-4ubuntu0.2) ...
Setting up libsasl2-modules:amd64 (2.1.27+dfsg-2) ...
Setting up libnghttp2-14:amd64 (1.40.0-1build1) ...
Setting up krb5-locales (1.17-6ubuntu4.1) ...
Setting up libldap-common (2.4.49+dfsg-2ubuntu1.8) ...
Setting up libkrb5support0:amd64 (1.17-6ubuntu4.1) ...
Setting up libsasl2-modules-db:amd64 (2.1.27+dfsg-2) ...
Setting up librtmp1:amd64 (2.4+20151223.gitfa8646d.1-2build1) ...
Setting up libk5crypto3:amd64 (1.17-6ubuntu4.1) ...
Setting up libsasl2-2:amd64 (2.1.27+dfsg-2) ...
Setting up libroken18-heimdal:amd64 (7.7.0+dfsg-1ubuntu1) ...
Setting up libkrb5-3:amd64 (1.17-6ubuntu4.1) ...
Setting up openssl (1.1.1f-1ubuntu2.3) ...
Setting up publicsuffix (20200303.0012-1) ...
Setting up libheimbase1-heimdal:amd64 (7.7.0+dfsg-1ubuntu1) ...
Setting up libasn1-8-heimdal:amd64 (7.7.0+dfsg-1ubuntu1) ...
Setting up libhcrypto4-heimdal:amd64 (7.7.0+dfsg-1ubuntu1) ...
Setting up ca-certificates (20210119~20.04.1) ...
debconf: unable to initialize frontend: Dialog
debconf: (TERM is not set, so the dialog frontend is not usable.)
debconf: falling back to frontend: Readline
debconf: unable to initialize frontend: Readline
debconf: (Can't locate Term/ReadLine.pm in @INC (you may need to install the Term::ReadLine module) (@INC contains: /etc/perl /usr/local/lib/x86_64-linux-gnu/perl/5.30.0 /usr/local/share/perl/5.30.0 /usr/lib/x86_64-linux-gnu/perl5/5.30 /usr/share/perl5 /usr/lib/x86_64-linux-gnu/perl/5.30 /usr/share/perl/5.30 /usr/local/lib/site_perl /usr/lib/x86_64-linux-gnu/perl-base) at /usr/share/perl5/Debconf/FrontEnd/Readline.pm line 7.)
debconf: falling back to frontend: Teletype
Updating certificates in /etc/ssl/certs...
129 added, 0 removed; done.
Setting up libwind0-heimdal:amd64 (7.7.0+dfsg-1ubuntu1) ...
Setting up libgssapi-krb5-2:amd64 (1.17-6ubuntu4.1) ...
Setting up libssh-4:amd64 (0.9.3-2ubuntu2.1) ...
Setting up libhx509-5-heimdal:amd64 (7.7.0+dfsg-1ubuntu1) ...
Setting up libkrb5-26-heimdal:amd64 (7.7.0+dfsg-1ubuntu1) ...
Setting up libheimntlm0-heimdal:amd64 (7.7.0+dfsg-1ubuntu1) ...
Setting up libgssapi3-heimdal:amd64 (7.7.0+dfsg-1ubuntu1) ...
Setting up libldap-2.4-2:amd64 (2.4.49+dfsg-2ubuntu1.8) ...
Setting up libcurl4:amd64 (7.68.0-1ubuntu2.5) ...
Setting up curl (7.68.0-1ubuntu2.5) ...
Processing triggers for libc-bin (2.31-0ubuntu9.2) ...
Processing triggers for ca-certificates (20210119~20.04.1) ...
Updating certificates in /etc/ssl/certs...
0 added, 0 removed; done.
Running hooks in /etc/ca-certificates/update.d...
done.
ofr@hki:~$ sudo docker attach fa51
helsinki.fi
Searching..
<!DOCTYPE HTML PUBLIC "-//IETF//DTD HTML 2.0//EN">
<html><head>
<title>301 Moved Permanently</title>
</head><body>
<h1>Moved Permanently</h1>
<p>The document has moved <a href="http://www.helsinki.fi/">here</a>.</p>
</body></html>
ofr@hki:~$ sudo docker container list --all
CONTAINER ID   IMAGE     COMMAND                   CREATED              STATUS                      PORTS     NAMES
fa51b168f3f3   ubuntu    "sh -c 'echo \"Input â€¦"   About a minute ago   Exited (0) 13 seconds ago             gallant_goldwasser
ofr@hki:~$
